// Jest Snapshot v1, https://goo.gl/fbAQLP

exports[`Index should display a table with default settings after clicking start (default) 1`] = `
<div
  class="board"
  data-testid="board"
>
  <div
    class="row"
  >
    <div>
      <div
        class="cell false"
        data-testid="cell"
      />
    </div>
    <div>
      <div
        class="cell false"
        data-testid="cell"
      />
    </div>
    <div>
      <div
        class="cell false"
        data-testid="cell"
      />
    </div>
    <div>
      <div
        class="cell false"
        data-testid="cell"
      />
    </div>
    <div>
      <div
        class="cell false"
        data-testid="cell"
      />
    </div>
    <div>
      <div
        class="cell false"
        data-testid="cell"
      />
    </div>
    <div>
      <div
        class="cell false"
        data-testid="cell"
      />
    </div>
    <div>
      <div
        class="cell false"
        data-testid="cell"
      />
    </div>
    <div>
      <div
        class="cell false"
        data-testid="cell"
      />
    </div>
    <div>
      <div
        class="cell false"
        data-testid="cell"
      />
    </div>
  </div>
  <div
    class="row"
  >
    <div>
      <div
        class="cell false"
        data-testid="cell"
      />
    </div>
    <div>
      <div
        class="cell activeCell"
        data-testid="cell"
      />
    </div>
    <div>
      <div
        class="cell activeCell"
        data-testid="cell"
      />
    </div>
    <div>
      <div
        class="cell false"
        data-testid="cell"
      />
    </div>
    <div>
      <div
        class="cell false"
        data-testid="cell"
      />
    </div>
    <div>
      <div
        class="cell false"
        data-testid="cell"
      />
    </div>
    <div>
      <div
        class="cell false"
        data-testid="cell"
      />
    </div>
    <div>
      <div
        class="cell false"
        data-testid="cell"
      />
    </div>
    <div>
      <div
        class="cell false"
        data-testid="cell"
      />
    </div>
    <div>
      <div
        class="cell false"
        data-testid="cell"
      />
    </div>
  </div>
  <div
    class="row"
  >
    <div>
      <div
        class="cell false"
        data-testid="cell"
      />
    </div>
    <div>
      <div
        class="cell false"
        data-testid="cell"
      />
    </div>
    <div>
      <div
        class="cell activeCell"
        data-testid="cell"
      />
    </div>
    <div>
      <div
        class="cell false"
        data-testid="cell"
      />
    </div>
    <div>
      <div
        class="cell false"
        data-testid="cell"
      />
    </div>
    <div>
      <div
        class="cell false"
        data-testid="cell"
      />
    </div>
    <div>
      <div
        class="cell false"
        data-testid="cell"
      />
    </div>
    <div>
      <div
        class="cell false"
        data-testid="cell"
      />
    </div>
    <div>
      <div
        class="cell false"
        data-testid="cell"
      />
    </div>
    <div>
      <div
        class="cell false"
        data-testid="cell"
      />
    </div>
  </div>
  <div
    class="row"
  >
    <div>
      <div
        class="cell false"
        data-testid="cell"
      />
    </div>
    <div>
      <div
        class="cell false"
        data-testid="cell"
      />
    </div>
    <div>
      <div
        class="cell activeCell"
        data-testid="cell"
      />
    </div>
    <div>
      <div
        class="cell false"
        data-testid="cell"
      />
    </div>
    <div>
      <div
        class="cell false"
        data-testid="cell"
      />
    </div>
    <div>
      <div
        class="cell false"
        data-testid="cell"
      />
    </div>
    <div>
      <div
        class="cell false"
        data-testid="cell"
      />
    </div>
    <div>
      <div
        class="cell false"
        data-testid="cell"
      />
    </div>
    <div>
      <div
        class="cell false"
        data-testid="cell"
      />
    </div>
    <div>
      <div
        class="cell false"
        data-testid="cell"
      />
    </div>
  </div>
  <div
    class="row"
  >
    <div>
      <div
        class="cell false"
        data-testid="cell"
      />
    </div>
    <div>
      <div
        class="cell false"
        data-testid="cell"
      />
    </div>
    <div>
      <div
        class="cell activeCell"
        data-testid="cell"
      />
    </div>
    <div>
      <div
        class="cell activeCell"
        data-testid="cell"
      />
    </div>
    <div>
      <div
        class="cell false"
        data-testid="cell"
      />
    </div>
    <div>
      <div
        class="cell false"
        data-testid="cell"
      />
    </div>
    <div>
      <div
        class="cell false"
        data-testid="cell"
      />
    </div>
    <div>
      <div
        class="cell false"
        data-testid="cell"
      />
    </div>
    <div>
      <div
        class="cell false"
        data-testid="cell"
      />
    </div>
    <div>
      <div
        class="cell false"
        data-testid="cell"
      />
    </div>
  </div>
  <div
    class="row"
  >
    <div>
      <div
        class="cell false"
        data-testid="cell"
      />
    </div>
    <div>
      <div
        class="cell false"
        data-testid="cell"
      />
    </div>
    <div>
      <div
        class="cell false"
        data-testid="cell"
      />
    </div>
    <div>
      <div
        class="cell false"
        data-testid="cell"
      />
    </div>
    <div>
      <div
        class="cell false"
        data-testid="cell"
      />
    </div>
    <div>
      <div
        class="cell false"
        data-testid="cell"
      />
    </div>
    <div>
      <div
        class="cell false"
        data-testid="cell"
      />
    </div>
    <div>
      <div
        class="cell false"
        data-testid="cell"
      />
    </div>
    <div>
      <div
        class="cell false"
        data-testid="cell"
      />
    </div>
    <div>
      <div
        class="cell false"
        data-testid="cell"
      />
    </div>
  </div>
  <div
    class="row"
  >
    <div>
      <div
        class="cell false"
        data-testid="cell"
      />
    </div>
    <div>
      <div
        class="cell false"
        data-testid="cell"
      />
    </div>
    <div>
      <div
        class="cell false"
        data-testid="cell"
      />
    </div>
    <div>
      <div
        class="cell false"
        data-testid="cell"
      />
    </div>
    <div>
      <div
        class="cell false"
        data-testid="cell"
      />
    </div>
    <div>
      <div
        class="cell false"
        data-testid="cell"
      />
    </div>
    <div>
      <div
        class="cell false"
        data-testid="cell"
      />
    </div>
    <div>
      <div
        class="cell false"
        data-testid="cell"
      />
    </div>
    <div>
      <div
        class="cell false"
        data-testid="cell"
      />
    </div>
    <div>
      <div
        class="cell false"
        data-testid="cell"
      />
    </div>
  </div>
  <div
    class="row"
  >
    <div>
      <div
        class="cell false"
        data-testid="cell"
      />
    </div>
    <div>
      <div
        class="cell false"
        data-testid="cell"
      />
    </div>
    <div>
      <div
        class="cell false"
        data-testid="cell"
      />
    </div>
    <div>
      <div
        class="cell false"
        data-testid="cell"
      />
    </div>
    <div>
      <div
        class="cell false"
        data-testid="cell"
      />
    </div>
    <div>
      <div
        class="cell false"
        data-testid="cell"
      />
    </div>
    <div>
      <div
        class="cell false"
        data-testid="cell"
      />
    </div>
    <div>
      <div
        class="cell false"
        data-testid="cell"
      />
    </div>
    <div>
      <div
        class="cell false"
        data-testid="cell"
      />
    </div>
    <div>
      <div
        class="cell false"
        data-testid="cell"
      />
    </div>
  </div>
  <div
    class="row"
  >
    <div>
      <div
        class="cell false"
        data-testid="cell"
      />
    </div>
    <div>
      <div
        class="cell false"
        data-testid="cell"
      />
    </div>
    <div>
      <div
        class="cell false"
        data-testid="cell"
      />
    </div>
    <div>
      <div
        class="cell false"
        data-testid="cell"
      />
    </div>
    <div>
      <div
        class="cell false"
        data-testid="cell"
      />
    </div>
    <div>
      <div
        class="cell false"
        data-testid="cell"
      />
    </div>
    <div>
      <div
        class="cell false"
        data-testid="cell"
      />
    </div>
    <div>
      <div
        class="cell false"
        data-testid="cell"
      />
    </div>
    <div>
      <div
        class="cell false"
        data-testid="cell"
      />
    </div>
    <div>
      <div
        class="cell false"
        data-testid="cell"
      />
    </div>
  </div>
  <div
    class="row"
  >
    <div>
      <div
        class="cell false"
        data-testid="cell"
      />
    </div>
    <div>
      <div
        class="cell false"
        data-testid="cell"
      />
    </div>
    <div>
      <div
        class="cell false"
        data-testid="cell"
      />
    </div>
    <div>
      <div
        class="cell false"
        data-testid="cell"
      />
    </div>
    <div>
      <div
        class="cell false"
        data-testid="cell"
      />
    </div>
    <div>
      <div
        class="cell false"
        data-testid="cell"
      />
    </div>
    <div>
      <div
        class="cell false"
        data-testid="cell"
      />
    </div>
    <div>
      <div
        class="cell false"
        data-testid="cell"
      />
    </div>
    <div>
      <div
        class="cell false"
        data-testid="cell"
      />
    </div>
    <div>
      <div
        class="cell false"
        data-testid="cell"
      />
    </div>
  </div>
</div>
`;

exports[`Index should display an empty table after clicking start 1`] = `
<div
  class="board"
  data-testid="board"
>
  <div
    class="row"
  >
    <div>
      <div
        class="cell false"
        data-testid="cell"
      />
    </div>
    <div>
      <div
        class="cell false"
        data-testid="cell"
      />
    </div>
    <div>
      <div
        class="cell false"
        data-testid="cell"
      />
    </div>
    <div>
      <div
        class="cell false"
        data-testid="cell"
      />
    </div>
    <div>
      <div
        class="cell false"
        data-testid="cell"
      />
    </div>
    <div>
      <div
        class="cell false"
        data-testid="cell"
      />
    </div>
    <div>
      <div
        class="cell false"
        data-testid="cell"
      />
    </div>
    <div>
      <div
        class="cell false"
        data-testid="cell"
      />
    </div>
    <div>
      <div
        class="cell false"
        data-testid="cell"
      />
    </div>
    <div>
      <div
        class="cell false"
        data-testid="cell"
      />
    </div>
  </div>
  <div
    class="row"
  >
    <div>
      <div
        class="cell false"
        data-testid="cell"
      />
    </div>
    <div>
      <div
        class="cell false"
        data-testid="cell"
      />
    </div>
    <div>
      <div
        class="cell false"
        data-testid="cell"
      />
    </div>
    <div>
      <div
        class="cell false"
        data-testid="cell"
      />
    </div>
    <div>
      <div
        class="cell false"
        data-testid="cell"
      />
    </div>
    <div>
      <div
        class="cell false"
        data-testid="cell"
      />
    </div>
    <div>
      <div
        class="cell false"
        data-testid="cell"
      />
    </div>
    <div>
      <div
        class="cell false"
        data-testid="cell"
      />
    </div>
    <div>
      <div
        class="cell false"
        data-testid="cell"
      />
    </div>
    <div>
      <div
        class="cell false"
        data-testid="cell"
      />
    </div>
  </div>
  <div
    class="row"
  >
    <div>
      <div
        class="cell false"
        data-testid="cell"
      />
    </div>
    <div>
      <div
        class="cell false"
        data-testid="cell"
      />
    </div>
    <div>
      <div
        class="cell false"
        data-testid="cell"
      />
    </div>
    <div>
      <div
        class="cell false"
        data-testid="cell"
      />
    </div>
    <div>
      <div
        class="cell false"
        data-testid="cell"
      />
    </div>
    <div>
      <div
        class="cell false"
        data-testid="cell"
      />
    </div>
    <div>
      <div
        class="cell false"
        data-testid="cell"
      />
    </div>
    <div>
      <div
        class="cell false"
        data-testid="cell"
      />
    </div>
    <div>
      <div
        class="cell false"
        data-testid="cell"
      />
    </div>
    <div>
      <div
        class="cell false"
        data-testid="cell"
      />
    </div>
  </div>
  <div
    class="row"
  >
    <div>
      <div
        class="cell false"
        data-testid="cell"
      />
    </div>
    <div>
      <div
        class="cell false"
        data-testid="cell"
      />
    </div>
    <div>
      <div
        class="cell false"
        data-testid="cell"
      />
    </div>
    <div>
      <div
        class="cell false"
        data-testid="cell"
      />
    </div>
    <div>
      <div
        class="cell false"
        data-testid="cell"
      />
    </div>
    <div>
      <div
        class="cell false"
        data-testid="cell"
      />
    </div>
    <div>
      <div
        class="cell false"
        data-testid="cell"
      />
    </div>
    <div>
      <div
        class="cell false"
        data-testid="cell"
      />
    </div>
    <div>
      <div
        class="cell false"
        data-testid="cell"
      />
    </div>
    <div>
      <div
        class="cell false"
        data-testid="cell"
      />
    </div>
  </div>
  <div
    class="row"
  >
    <div>
      <div
        class="cell false"
        data-testid="cell"
      />
    </div>
    <div>
      <div
        class="cell false"
        data-testid="cell"
      />
    </div>
    <div>
      <div
        class="cell false"
        data-testid="cell"
      />
    </div>
    <div>
      <div
        class="cell false"
        data-testid="cell"
      />
    </div>
    <div>
      <div
        class="cell false"
        data-testid="cell"
      />
    </div>
    <div>
      <div
        class="cell false"
        data-testid="cell"
      />
    </div>
    <div>
      <div
        class="cell false"
        data-testid="cell"
      />
    </div>
    <div>
      <div
        class="cell false"
        data-testid="cell"
      />
    </div>
    <div>
      <div
        class="cell false"
        data-testid="cell"
      />
    </div>
    <div>
      <div
        class="cell false"
        data-testid="cell"
      />
    </div>
  </div>
  <div
    class="row"
  >
    <div>
      <div
        class="cell false"
        data-testid="cell"
      />
    </div>
    <div>
      <div
        class="cell false"
        data-testid="cell"
      />
    </div>
    <div>
      <div
        class="cell false"
        data-testid="cell"
      />
    </div>
    <div>
      <div
        class="cell false"
        data-testid="cell"
      />
    </div>
    <div>
      <div
        class="cell false"
        data-testid="cell"
      />
    </div>
    <div>
      <div
        class="cell false"
        data-testid="cell"
      />
    </div>
    <div>
      <div
        class="cell false"
        data-testid="cell"
      />
    </div>
    <div>
      <div
        class="cell false"
        data-testid="cell"
      />
    </div>
    <div>
      <div
        class="cell false"
        data-testid="cell"
      />
    </div>
    <div>
      <div
        class="cell false"
        data-testid="cell"
      />
    </div>
  </div>
  <div
    class="row"
  >
    <div>
      <div
        class="cell false"
        data-testid="cell"
      />
    </div>
    <div>
      <div
        class="cell false"
        data-testid="cell"
      />
    </div>
    <div>
      <div
        class="cell false"
        data-testid="cell"
      />
    </div>
    <div>
      <div
        class="cell false"
        data-testid="cell"
      />
    </div>
    <div>
      <div
        class="cell false"
        data-testid="cell"
      />
    </div>
    <div>
      <div
        class="cell false"
        data-testid="cell"
      />
    </div>
    <div>
      <div
        class="cell false"
        data-testid="cell"
      />
    </div>
    <div>
      <div
        class="cell false"
        data-testid="cell"
      />
    </div>
    <div>
      <div
        class="cell false"
        data-testid="cell"
      />
    </div>
    <div>
      <div
        class="cell false"
        data-testid="cell"
      />
    </div>
  </div>
  <div
    class="row"
  >
    <div>
      <div
        class="cell false"
        data-testid="cell"
      />
    </div>
    <div>
      <div
        class="cell false"
        data-testid="cell"
      />
    </div>
    <div>
      <div
        class="cell false"
        data-testid="cell"
      />
    </div>
    <div>
      <div
        class="cell false"
        data-testid="cell"
      />
    </div>
    <div>
      <div
        class="cell false"
        data-testid="cell"
      />
    </div>
    <div>
      <div
        class="cell false"
        data-testid="cell"
      />
    </div>
    <div>
      <div
        class="cell false"
        data-testid="cell"
      />
    </div>
    <div>
      <div
        class="cell false"
        data-testid="cell"
      />
    </div>
    <div>
      <div
        class="cell false"
        data-testid="cell"
      />
    </div>
    <div>
      <div
        class="cell false"
        data-testid="cell"
      />
    </div>
  </div>
  <div
    class="row"
  >
    <div>
      <div
        class="cell false"
        data-testid="cell"
      />
    </div>
    <div>
      <div
        class="cell false"
        data-testid="cell"
      />
    </div>
    <div>
      <div
        class="cell false"
        data-testid="cell"
      />
    </div>
    <div>
      <div
        class="cell false"
        data-testid="cell"
      />
    </div>
    <div>
      <div
        class="cell false"
        data-testid="cell"
      />
    </div>
    <div>
      <div
        class="cell false"
        data-testid="cell"
      />
    </div>
    <div>
      <div
        class="cell false"
        data-testid="cell"
      />
    </div>
    <div>
      <div
        class="cell false"
        data-testid="cell"
      />
    </div>
    <div>
      <div
        class="cell false"
        data-testid="cell"
      />
    </div>
    <div>
      <div
        class="cell false"
        data-testid="cell"
      />
    </div>
  </div>
  <div
    class="row"
  >
    <div>
      <div
        class="cell false"
        data-testid="cell"
      />
    </div>
    <div>
      <div
        class="cell false"
        data-testid="cell"
      />
    </div>
    <div>
      <div
        class="cell false"
        data-testid="cell"
      />
    </div>
    <div>
      <div
        class="cell false"
        data-testid="cell"
      />
    </div>
    <div>
      <div
        class="cell false"
        data-testid="cell"
      />
    </div>
    <div>
      <div
        class="cell false"
        data-testid="cell"
      />
    </div>
    <div>
      <div
        class="cell false"
        data-testid="cell"
      />
    </div>
    <div>
      <div
        class="cell false"
        data-testid="cell"
      />
    </div>
    <div>
      <div
        class="cell false"
        data-testid="cell"
      />
    </div>
    <div>
      <div
        class="cell false"
        data-testid="cell"
      />
    </div>
  </div>
</div>
`;
